=== LOOP 13/150 2026-06-10T21:05:53Z ===
FAST RUN | 13/150 sent
search fitness creator: +3
search meal prep creator: +5
=== LOOP 13/150 2026-06-11T04:02:46Z ===
FAST RUN | 13/150 sent
search fitness creator: +3
search meal prep creator: +5
search protein recipes: +5
=== LOOP 13/150 2026-06-11T05:15:34Z ===
FAST RUN | 13/150 sent
search fitness creator: +3
search meal prep creator: +5
search protein recipes: +5
search gym influencer: +0
=== LOOP 14/150 2026-06-11T20:21:09Z ===
FAST RUN | 14/150 sent
search fitness creator: +3
search meal prep creator: +5
search protein recipes: +5
=== LOOP 14/150 2026-06-11T20:22:34Z ===
FAST RUN | 14/150 sent
search fitness creator: +3
search meal prep creator: +5
=== LOOP 14/150 2026-06-11T20:26:52Z ===
FAST RUN | 14/150 sent
search fitness creator: +3
search meal prep creator: +5
search protein recipes: +5
=== LOOP 17/150 2026-06-11T20:43:07Z ===
FAST RUN | 17/150 sent
search fitness creator: +3
search meal prep creator: +5
=== LOOP 17/150 2026-06-11T20:51:30Z ===
FAST RUN | 17/150 sent
search fitness creator: +3
search meal prep creator: +5
search protein recipes: +5
