GOAL: 150 DMs to qualifying solo creators | currently 13

========== ROUND 1 | 13/150 sent | 2026-06-11T05:19:02.315Z ==========

search "personal trainer": 0 results
search "calisthenics athlete": 0 results
search "meal prep creator": 5 results
search "gym influencer": 0 results
search "nutrition coach": 3 results
search "fitness creator": 3 results
search "macro coach": 0 results
search "protein recipes": 5 results
search "home workout coach": 5 results
search "strength coach": 0 results
search "yoga instructor": 0 results
search "running coach": 1 results
search "bodybuilding coach": 0 results
search "online fitness coach": 1 results
search "hyrox athlete": 0 results
search "protein tracking": 0 results
search "macro tracking": 0 results
search "fitness reel creator": 5 results
search "gym content creator": 4 results
search "meal prep fitness": 0 results
search "high protein meals": 3 results
search "workout tips": 0 results
search "gym lifestyle": 0 results
search "fitness journey": 0 results
search "bulking tips": 0 results
search "cutting diet": 0 results
search "supplement free fitness": 5 results
page reels: +0 profiles, 0 posts
Pool: 13 candidates

--- @she_snacks (search:protein recipes) ---
SKIP @she_snacks: reel views below 5k or inconsistent (600, 600, 600)

--- @realbodynessah (search:fitness reel creator) ---
✓ SENT @realbodynessah — 14 total | solo fitness creator, 9,155 followers, reel views 52493/52493/52493, avg ~52,493

--- @fitness_supplements_free (search:supplement free fitness) ---
SKIP @fitness_supplements_free: private/no DM

--- @freesupplement4fitness (search:supplement free fitness) ---
SKIP @freesupplement4fitness: private/no DM

--- @freefitnesssupplements (search:supplement free fitness) ---
SKIP @freefitnesssupplements: private/no DM

--- @fitness__by_jsr_47 (search:supplement free fitness) ---
SKIP @fitness__by_jsr_47: company/brand bio

--- @indiana_fitness_club (search:supplement free fitness) ---
SKIP @indiana_fitness_club: private/no DM

--- @reels (similar:eith_sw) ---
SKIP @reels: private/no DM

--- @explore (similar:eith_sw) ---
SKIP @explore: private/no DM

--- @popular (similar:eith_sw) ---
SKIP @popular: private/no DM

--- @caliathletics_official (similar:jonah_calisthenics) ---
SKIP @caliathletics_official: not fitness/nutrition content

--- @tdz._team (similar:teo_tdz) ---
SKIP @tdz._team: not fitness/nutrition content

--- @calisthatix.official (similar:teo_tdz) ---
SKIP @calisthatix.official: company/brand bio
Round 1 done: +1 DMs | total 14/150

========== ROUND 2 | 14/150 sent | 2026-06-11T05:24:51.515Z ==========

search "personal trainer": 0 results
search "calisthenics athlete": 0 results
search "meal prep creator": 5 results
search "gym influencer": 0 results
search "nutrition coach": 3 results
search "fitness creator": 3 results
search "macro coach": 0 results
search "protein recipes": 5 results
search "home workout coach": 5 results
search "strength coach": 0 results
search "yoga instructor": 0 results
search "running coach": 1 results
search "bodybuilding coach": 0 results
search "online fitness coach": 1 results
search "hyrox athlete": 0 results
search "protein tracking": 0 results
search "macro tracking": 0 results
search "fitness reel creator": 5 results
search "gym content creator": 4 results
search "meal prep fitness": 0 results
search "high protein meals": 3 results
search "workout tips": 0 results
search "gym lifestyle": 0 results
search "fitness journey": 0 results
search "bulking tips": 0 results
search "cutting diet": 0 results
search "supplement free fitness": 5 results
page reels: +1 profiles, 0 posts
Pool: 1 candidates

--- @bulandshahr_mahamaiya_ (page:reels) ---
SKIP @bulandshahr_mahamaiya_: not fitness/nutrition content
Round 2 done: +0 DMs | total 14/150

========== ROUND 3 | 14/150 sent | 2026-06-11T05:35:54.580Z ==========

search "personal trainer": 0 results
search "calisthenics athlete": 0 results
search "meal prep creator": 5 results
search "gym influencer": 0 results
search "nutrition coach": 3 results
search "fitness creator": 3 results
search "macro coach": 0 results
search "protein recipes": 5 results
search "home workout coach": 5 results
search "strength coach": 0 results
search "yoga instructor": 0 results
search "running coach": 1 results
search "bodybuilding coach": 0 results
search "online fitness coach": 1 results
search "hyrox athlete": 0 results
search "protein tracking": 0 results
search "macro tracking": 0 results
search "fitness reel creator": 5 results
search "gym content creator": 4 results
search "meal prep fitness": 0 results
search "high protein meals": 3 results
search "workout tips": 0 results
search "gym lifestyle": 0 results
search "fitness journey": 0 results
search "bulking tips": 0 results
search "cutting diet": 0 results
search "supplement free fitness": 5 results
page reels: +0 profiles, 0 posts
Pool: 0 candidates
Round 3 done: +0 DMs | total 14/150

========== ROUND 4 | 14/150 sent | 2026-06-11T05:46:51.727Z ==========

Round 4 fatal: This operation was aborted
