FAST RUN | 14/150 sent
search fitness creator: +3
search meal prep creator: +5
search protein recipes: +5
search gym influencer: +0
search calisthenics athlete: +0
search home workout coach: +5
search nutrition coach: +3
search macro coach: +0
search fitness reel creator: +5
search gym content creator: +4
search workout motivation: +5
search fitness tips: +5
search gym lifestyle: +0
search what i eat in a day: +0
search high protein meals: +3
search fitness journey: +0
search online fitness coach: +1
search personal trainer: +0
search gym vlog: +4
search fitness model: +0
search weight loss journey: +0
search muscle building: +1
search bulking tips: +0
search leg day workout: +5
search push pull legs: +0
search lifestyle vlog: +0
search day in my life: +0
search wellness creator: +0
search morning routine: +1
search grwm: +5
search healthy habits: +0
page fitness%20influencer: posts 12, queue 33
page meal%20prep%20creator: posts 4, queue 33
page protein%20recipes: posts 4, queue 33
page lifestyle%20vlog: posts 4, queue 36
page wellness%20creator: posts 4, queue 39
page day%20in%20my%20life: posts 4, queue 41
page nutrition%20coach: posts 4, queue 42
page home%20workout%20coach: posts 12, queue 43

Vetting 43 candidates...

--- @sverse__ ---
SKIP @sverse__: reel views below 5k (433, 433, 433)
--- @vira_lboostmedia ---
SKIP @vira_lboostmedia: private/no DM
--- @workout____motivation ---
SKIP @workout____motivation: reel views below 5k (75, 75, 75)
--- @workout_motivation_health_tips ---
SKIP @workout_motivation_health_tips: under 5k followers
--- @getbsf ---
SKIP @getbsf: private/no DM
--- @workout_motivation_for_girls ---
SKIP @workout_motivation_for_girls: private/no DM
--- @winsoks ---
SKIP @winsoks: reel views below 5k (1401271, 1401271, 1401271)
--- @fitnesstipsdaily ---
SKIP @fitnesstipsdaily: over 100k followers
--- @fitness_tips_56 ---
SKIP @fitness_tips_56: reel views below 5k (1093, 1093, 1093)
--- @gym.tipx ---
--- @fitnessbyfats_ ---
SKIP @fitnessbyfats_: private/no DM
--- @fitness_tips_nl_ ---
SKIP @fitness_tips_nl_: under 5k followers
--- @gym.vlogs.psg ---
--- @__gym_vlog ---
SKIP @__gym_vlog: private/no DM
--- @gymvlogs2 ---
✓ SENT @gymvlogs2 — 15 total | solo creator, 36,800 followers, reel views 10335/10335/10335, avg ~10,335
--- @gym__vlog_1 ---
--- @musclebuilding.gym ---
SKIP @musclebuilding.gym: under 5k followers
--- @legdayworkout11 ---
SKIP @legdayworkout11: private/no DM
--- @alwaysskiplegdays ---
SKIP @alwaysskiplegdays: under 5k followers
--- @sergej53d ---
SKIP @sergej53d: private/no DM
--- @_leg_workout_day292 ---
SKIP @_leg_workout_day292: private/no DM
--- @legday.workout ---
SKIP @legday.workout: private/no DM
--- @morning_.routine ---
SKIP @morning_.routine: under 5k followers
--- @grwm_official.in ---
SKIP @grwm_official.in: not solo personal creator
--- @grwm.stevi ---
SKIP @grwm.stevi: private/no DM
--- @lillyslaay ---
SKIP @lillyslaay: private/no DM
--- @aubs.grwm ---
SKIP @aubs.grwm: not solo personal creator
--- @grwm0rguekitty2.0 ---
SKIP @grwm0rguekitty2.0: not fitness/lifestyle content
--- @ellaabullockkk ---
SKIP @ellaabullockkk: verified brand/org account
--- @rooskfitness ---
✓ SENT @rooskfitness — 16 total | solo creator, 33,200 followers, reel views 12843/12843/12843, avg ~12,843
--- @joshuaktl_ ---
SKIP @joshuaktl_: over 100k followers
--- @ashxlift_ ---
SKIP @ashxlift_: under 5k followers
--- @jramfit_97 ---
SKIP @jramfit_97: reel views below 5k (159701, 159701, 159701)
--- @ethanjcoyne ---
SKIP @ethanjcoyne: not fitness/lifestyle content
--- @werkingwithjames ---
SKIP @werkingwithjames: not fitness/lifestyle content
--- @yishensarchives ---
SKIP @yishensarchives: repost/edit account
--- @valerieribon ---
✓ SENT @valerieribon — 17 total | solo creator, 56,300 followers, reel views 26509/26509/26509, avg ~26,509
--- @baseline.pc ---
SKIP @baseline.pc: under 5k followers
--- @jada.moylan ---
SKIP @jada.moylan: no reels
--- @its_joespov ---
SKIP @its_joespov: not fitness/lifestyle content
--- @oliviaakoo ---
SKIP @oliviaakoo: not fitness/lifestyle content
--- @om.nutrition_ ---
SKIP @om.nutrition_: under 5k followers
--- @amandarisdal ---
SKIP @amandarisdal: reel views below 5k (523, 523, 523)

DONE: +3 this run | total 14/150
