
=== 17/150 | query: wellness creator ===
--- post @baseline.pc ---
--- post @jada.moylan ---
--- post @allybesse ---
SKIP @allybesse: over 100k followers
--- post @wholewithoyku ---
SKIP @wholewithoyku: under 5k followers

=== 17/150 | query: lifestyle vlog ===

=== 17/150 | query: day in my life vlog ===
--- search @mini_vlog_day_in_my_life_ ---

=== 17/150 | query: day in my life vlog ===
--- search @mini_vlog_day_in_my_life_ ---

=== 17/150 | query: day in my life vlog ===
--- search @mini_vlog_day_in_my_life_ ---
SKIP @mini_vlog_day_in_my_life_: under 5k followers
--- search @day_inmylifevlog ---
SKIP @day_inmylifevlog: under 5k followers
--- post @oliviaakoo ---
--- post @werkingwithjames ---
--- post @mia.so.swag ---
✓ SENT @mia.so.swag — 18 total | vlogger/creator fit for Protein Quest, 29,400 followers, reel views 38715/38715/38715, avg ~38,715
✓ SENT @mia.so.swag
--- post @aaronlam2k ---
SKIP @aaronlam2k: reel views below 5k (2000, 2000, 2000)

=== 18/150 | query: daily vlog ===
--- search @dailyvlogs.batapora ---
SKIP @dailyvlogs.batapora: under 5k followers
--- search @siddique_dailyvlog ---
SKIP @siddique_dailyvlog: reel views below 5k (4441, 4441, 4441)
--- search @daily.vlogs__________ ---
SKIP @daily.vlogs__________: under 5k followers
--- search @daily_vloguk ---
SKIP @daily_vloguk: under 5k followers
--- search @dailyvlogs_dhiyashri ---
✓ SENT @dailyvlogs_dhiyashri — 19 total | vlogger/creator fit for Protein Quest, 46,600 followers, reel views 16611/16614/16616, avg ~16,614
✓ SENT @dailyvlogs_dhiyashri
--- post @reemabassoumi ---
SKIP @reemabassoumi: reel views below 5k (4402, 4402, 4402)
--- post @oliviaakoo ---
--- post @justt_eliass ---
SKIP @justt_eliass: over 100k followers
--- post @ethanbridge_ ---
SKIP @ethanbridge_: reel views below 5k (2319, 2319, 2319)

=== 19/150 | query: lifestyle vlog ===
--- post @alyssasprinkle ---
SKIP @alyssasprinkle: reel views below 5k (4965, 4965, 4965)
--- post @ethanjcoyne ---
--- post @mia.so.swag ---
--- post @tristingracerowell ---
SKIP @tristingracerowell: over 100k followers

=== 19/150 | query: fitness vlog ===
--- search @fitnessvlog2026 ---
SKIP @fitnessvlog2026: under 5k followers
--- post @raahavy_ ---
SKIP @raahavy_: over 100k followers
--- post @todaysagoodaytofit ---
✓ SENT @todaysagoodaytofit — 20 total | vlogger/creator fit for Protein Quest, 8,728 followers, reel views 79327/79327/79327, avg ~79,327
✓ SENT @todaysagoodaytofit
--- post @tiiiziana.nicola ---
SKIP @tiiiziana.nicola: over 100k followers
--- post @devgym1 ---
SKIP @devgym1: under 5k followers

=== 20/150 | query: gym vlog ===
--- search @gym.vlogs.psg ---
--- search @__gym_vlog ---
--- search @gymvlogs2 ---
--- search @gym__vlog_1 ---
--- post @raahavy_ ---
--- post @bfitcreator ---
SKIP @bfitcreator: reel views below 5k (163163, 163163, 163163)
--- post @bymiamendes ---
--- post @tiiiziana.nicola ---

=== 20/150 | query: wellness creator ===
--- post @valerieribon ---
--- post @wholewithoyku ---
--- post @tiffany_henriques ---
✓ SENT @tiffany_henriques — 21 total | vlogger/creator fit for Protein Quest, 97,000 followers, reel views 21089/21089/21089, avg ~21,089
✓ SENT @tiffany_henriques
--- post @_hannahcartwrightnutrition ---
SKIP @_hannahcartwrightnutrition: under 5k followers

=== 21/150 | query: fitness creator ===
--- search @nksfeed ---
--- search @jeeya.flex ---
--- search @ak_gym_lover01 ---
--- post @jordanvasiliou_ ---
SKIP @jordanvasiliou_: reel views below 5k (304000, 304000, 304000)
--- post @danigoingsfit ---
SKIP @danigoingsfit: reel views below 5k (143013, 143013, 143013)
--- post @reag.fit ---
SKIP @reag.fit: reel views below 5k (3, 3, 3)
--- post @rooskfitness ---

=== 21/150 | query: meal prep creator ===
--- search @myxdcreations ---
--- search @imma_jeetee ---
--- search @goodfood.goodmood.mp ---
--- search @thatmealprepguy ---
--- search @upnorthnosh ---
--- post @thoshanwije ---
--- post @ellena_fit ---
SKIP @ellena_fit: verified brand account
--- post @itsjackearly ---
--- post @drhazelwallace ---

=== 21/150 | query: protein recipes ===
--- search @kirstyfletcher ---
--- search @scottbaptie ---
--- search @protein.hacks ---
--- search @protein_.recipes ---
--- search @sverse__ ---
--- post @chef.tnac ---
--- post @how2mealprep ---
--- post @epicmintleaves ---
SKIP @epicmintleaves: over 100k followers
--- post @thebigmansworld ---
SKIP @thebigmansworld: over 100k followers

=== 21/150 | query: morning routine ===
--- search @morning_.routine ---
--- post @sunnywithkerry ---
SKIP @sunnywithkerry: reel views below 5k (149770, 149770, 149770)
--- post @thatsisaac_ ---
SKIP @thatsisaac_: over 100k followers
--- post @oli_kup11 ---
SKIP @oli_kup11: over 100k followers
--- post @lemmeemmy ---
SKIP @lemmeemmy: reel views below 5k (1055, 1055, 1055)

=== 21/150 | query: grwm ===
--- search @grwm_official.in ---
--- search @grwm.stevi ---
--- search @lillyslaay ---
--- search @aubs.grwm ---
--- search @grwm0rguekitty2.0 ---
--- post @tatiannaareizaga ---
SKIP @tatiannaareizaga: no reels
--- post @chloexsmart_ ---
SKIP @chloexsmart_: private/no DM
--- post @almost.cesca ---
SKIP @almost.cesca: over 100k followers
--- post @michelleywichelleyy ---
SKIP @michelleywichelleyy: over 100k followers
--- post @isabaiochi ---
✓ SENT @isabaiochi — 22 total | vlogger/creator fit for Protein Quest, 71,000 followers, reel views 23142/23142/23142, avg ~23,142
✓ SENT @isabaiochi
--- post @brentrivera ---
SKIP @brentrivera: over 100k followers
--- post @lifewithhaaliyah ---
SKIP @lifewithhaaliyah: reel views below 5k (1015123, 1015123, 1015123)
--- post @kiyonnnmicah ---
SKIP @kiyonnnmicah: reel views below 5k (179476, 179476, 179476)

=== 22/150 | query: what i eat in a day ===

=== 22/150 | query: content creator ===
--- search @nastyaflorest ---
SKIP @nastyaflorest: no reels
--- search @phoenix_instt ---
SKIP @phoenix_instt: reel views below 5k (574, 574, 574)
--- post @kienobifilms ---
SKIP @kienobifilms: over 100k followers
--- post @ryderdrobny ---
SKIP @ryderdrobny: verified brand account
--- post @devinjatho ---
SKIP @devinjatho: over 100k followers
--- post @andyhillocks ---
SKIP @andyhillocks: reel views below 5k (1496, 1496, 1496)
--- post @iamajene ---
SKIP @iamajene: reel views below 5k (2317, 2317, 2317)
--- post @gbthekid ---
SKIP @gbthekid: no reels
--- post @dantevisualz ---
SKIP @dantevisualz: reel views below 5k (720, 720, 720)
--- post @carterpcs_ ---
SKIP @carterpcs_: over 100k followers

=== 22/150 | query: micro influencer ===
--- search @ossypova ---
SKIP @ossypova: reel views below 5k (210, 210)
--- post @maryams_png ---
SKIP @maryams_png: under 5k followers
--- post @emily.sav ---
SKIP @emily.sav: private/no DM
--- post @nat.b0yd ---
✓ SENT @nat.b0yd — 23 total | vlogger/creator fit for Protein Quest, 6,793 followers, reel views 5119/5119/5119, avg ~5,119
✓ SENT @nat.b0yd
--- post @alyssadchang ---
✓ SENT @alyssadchang — 24 total | vlogger/creator fit for Protein Quest, 28,600 followers, reel views 5413/5413/5413, avg ~5,413
✓ SENT @alyssadchang
--- post @oliviaakoo ---
--- post @may__theforce ---
SKIP @may__theforce: under 5k followers
--- post @jahnifestdestiny ---
SKIP @jahnifestdestiny: over 100k followers
--- post @allyb.0708 ---
SKIP @allyb.0708: under 5k followers

=== 24/150 | query: fitness influencer ===
--- post @bymiamendes ---
--- post @bylovepreet ---
SKIP @bylovepreet: reel views below 5k (210, 210, 210)
--- post @rooskfitness ---
--- post @maisieellenfitness ---
SKIP @maisieellenfitness: over 100k followers
--- post @bymiamendes ---
--- post @danigoingsfit ---
--- post @itsbrookeelle ---
SKIP @itsbrookeelle: over 100k followers
--- post @alex_eubank15 ---
SKIP @alex_eubank15: private/no DM

=== 24/150 | query: health creator ===
--- post @immy.maryam ---
SKIP @immy.maryam: over 100k followers
--- post @gr_wellness ---
SKIP @gr_wellness: over 100k followers
--- post @coach_acos ---
--- post @coachcarnivorecam ---
SKIP @coachcarnivorecam: over 100k followers
--- post @letthemeatcarbs_ ---
SKIP @letthemeatcarbs_: under 5k followers
--- post @movewellcoach ---
SKIP @movewellcoach: under 5k followers
--- post @zionyeboah ---
SKIP @zionyeboah: under 5k followers
--- post @thegutbabe_ ---
SKIP @thegutbabe_: reel views below 5k (1349, 1349, 1349)

=== 24/150 | query: student vlog ===
--- post @lifewithbre___ ---
SKIP @lifewithbre___: over 100k followers
--- post @ramonecharissa ---
SKIP @ramonecharissa: over 100k followers
--- post @justt_eliass ---
--- post @its_joespov ---
--- post @chcbelleee ---
SKIP @chcbelleee: private/no DM
--- post @ummar_ali_mal ---
SKIP @ummar_ali_mal: reel views below 5k (1109, 1109, 1109)
--- post @byvivins ---
✓ SENT @byvivins — 25 total | vlogger/creator fit for Protein Quest, 32,000 followers, reel views 57912, avg ~57,912
✓ SENT @byvivins
--- post @2026.dayvlog_study_08 ---
SKIP @2026.dayvlog_study_08: under 5k followers

=== 25/150 | query: college vlog ===
--- post @its_joespov ---
--- post @lifewithbre___ ---
--- post @its_joespov ---
--- post @justt_eliass ---
--- post @winniethezhu ---
SKIP @winniethezhu: under 5k followers
--- post @its_joespov ---
--- post @mehak._marwaha ---
SKIP @mehak._marwaha: no reels
--- post @sherbloomy ---
✓ SENT @sherbloomy — 26 total | vlogger/creator fit for Protein Quest, 50,300 followers, reel views 18829/18829/18829, avg ~18,829
✓ SENT @sherbloomy

=== 26/150 | query: productivity vlog ===
--- post @urmom_sushi ---
SKIP @urmom_sushi: over 100k followers
--- post @chiprooma ---
SKIP @chiprooma: over 100k followers
--- post @nik1talks ---
SKIP @nik1talks: private/no DM
--- post @em2speaks ---
SKIP @em2speaks: under 5k followers
--- post @helainezhao_ ---
SKIP @helainezhao_: reel views below 5k (1483, 1483, 1483)
--- post @charlenehao ---
✓ SENT @charlenehao — 27 total | vlogger/creator fit for Protein Quest, 44,800 followers, reel views 95236/95236/95236, avg ~95,236
✓ SENT @charlenehao
--- post @isabellagerli ---
SKIP @isabellagerli: reel views below 5k (1306, 1306, 1306)
--- post @byariaemily ---
SKIP @byariaemily: reel views below 5k (2156, 2156, 2156)

=== 27/150 | query: home workout ===
--- search @home_workout_reel ---
SKIP @home_workout_reel: private/no DM
--- search @homeworkoutvideos_ ---
SKIP @homeworkoutvideos_: over 100k followers
--- search @homeworkout_videos_ ---
SKIP @homeworkout_videos_: repost signals on reels
--- search @homeworkoutsvideos ---
✓ SENT @homeworkoutsvideos — 28 total | vlogger/creator fit for Protein Quest, 61,700 followers, reel views 2229/2229/8201, avg ~4,220
✓ SENT @homeworkoutsvideos
--- search @homeworkout.mks ---
SKIP @homeworkout.mks: under 5k followers
--- post @summers.coach ---
--- post @amandarisdal ---
--- post @nisha_optimist ---
SKIP @nisha_optimist: over 100k followers
--- post @pierredalati ---
--- post @calisthenicsworkoutpodcast ---
SKIP @calisthenicsworkoutpodcast: reel views below 5k (32, 32, 32)
--- post @manishaupadhayay163 ---
SKIP @manishaupadhayay163: over 100k followers
--- post @_hitenthakkar ---
SKIP @_hitenthakkar: under 5k followers
--- post @rayfitnessguy ---
SKIP @rayfitnessguy: over 100k followers

=== 28/150 | query: nutrition coach ===
--- search @nutrition.coach_ ---
--- search @ah_nutritioncoach ---
--- search @sarahfit ---
--- post @honoryournutrition ---
SKIP @honoryournutrition: no reels
--- post @faithwyand ---
SKIP @faithwyand: under 5k followers
--- post @danielle_dpt ---
SKIP @danielle_dpt: under 5k followers
--- post @coach_acos ---

=== 28/150 | query: macro coach ===
--- post @coachmiarasmussen ---
SKIP @coachmiarasmussen: reel views below 5k (1517, 1517, 1517)
--- post @codymcbroom ---
SKIP @codymcbroom: reel views below 5k (4516, 4516, 4516)
--- post @tayruns26.2 ---
SKIP @tayruns26.2: reel views below 5k (46, 46, 46)
--- post @maddiejhawley ---
SKIP @maddiejhawley: under 5k followers

=== 28/150 | query: fitness journey ===

=== 28/150 | query: gym content creator ===
--- search @vira_lboostmedia ---
--- search @devgymset ---
--- search @gaukhar.polatbay ---
--- search @subazz_lifts ---
--- post @danigoingsfit ---
--- post @sophiewifts ---
SKIP @sophiewifts: reel views below 5k (4837, 4837, 4837)
--- post @jordanvasiliou_ ---
--- post @muskanjolly_ ---
SKIP @muskanjolly_: under 5k followers

=== 28/150 | query: calisthenics ===
--- search @start_calisthenics ---
--- search @andry_strong ---
--- search @calisthenics.bypaulina ---
--- search @jonah_calisthenics ---
--- search @yasin.baahmed ---
SKIP @yasin.baahmed: under 5k followers
--- post @dailong_ns ---
--- post @alexandrosthenics ---
--- post @alina.hepp ---
✓ SENT @alina.hepp — 29 total | vlogger/creator fit for Protein Quest, 72,200 followers, reel views 14718/14718/14718, avg ~14,718
✓ SENT @alina.hepp
--- post @oliwyer_sw ---

=== 29/150 | query: yoga vlog ===
--- post @kimihajian ---
SKIP @kimihajian: over 100k followers
--- post @itscrystaltan ---
✓ SENT @itscrystaltan — 30 total | vlogger/creator fit for Protein Quest, 89,200 followers, reel views 6696/6696/6696, avg ~6,696
✓ SENT @itscrystaltan
--- post @duaahchandio ---
SKIP @duaahchandio: reel views below 5k (116823, 116823, 116823)
--- post @_boblow ---
SKIP @_boblow: over 100k followers

=== 30/150 | query: running vlog ===
--- post @noelleekate ---
✓ SENT @noelleekate — 31 total | vlogger/creator fit for Protein Quest, 79,400 followers, reel views 28524/28524/28524, avg ~28,524
✓ SENT @noelleekate
--- post @luellamayfitness ---
✓ SENT @luellamayfitness — 32 total | vlogger/creator fit for Protein Quest, 67,800 followers, reel views 12716/12716/12716, avg ~12,716
✓ SENT @luellamayfitness
--- post @pashplayslife ---
SKIP @pashplayslife: reel views below 5k (1394, 1394, 1394)
--- post @alyssaeng_ ---
SKIP @alyssaeng_: reel views below 5k (3, 3, 3)

=== 32/150 | query: high protein meals ===
--- search @easyhighprotienrecipes ---
--- search @highprotein.meals ---
--- search @proteinmusclemeals ---
--- post @how2mealprep ---
--- post @issafitnesss ---
SKIP @issafitnesss: reel views below 5k (28, 28, 28)
--- post @theproteindad ---
SKIP @theproteindad: reel views below 5k (123403, 123403, 123403)
--- post @itsjackearly ---

=== 32/150 | query: healthy habits ===

=== 32/150 | query: app review creator ===
--- search @creator_app_review_35 ---
SKIP @creator_app_review_35: private/no DM
--- post @nathanespinozayt ---
SKIP @nathanespinozayt: over 100k followers
--- post @borisforeal ---
SKIP @borisforeal: over 100k followers
--- post @teal.days ---
SKIP @teal.days: over 100k followers
--- post @_chrisasante ---
✓ SENT @_chrisasante — 33 total | vlogger/creator fit for Protein Quest, 90,000 followers, reel views 13511/13511/13511, avg ~13,511
✓ SENT @_chrisasante

=== 33/150 | query: tech lifestyle ===
--- post @tussalty ---
SKIP @tussalty: over 100k followers
--- post @josh_karasik ---
SKIP @josh_karasik: under 5k followers
--- post @aaronlam2k ---
--- post @bydduong ---
SKIP @bydduong: reel views below 5k (1192, 1192, 1192)

=== 33/150 | query: entrepreneur vlog ===
--- post @by.ramsay ---
SKIP @by.ramsay: under 5k followers
--- post @ryderdrobny ---
--- post @swerikcodes ---
SKIP @swerikcodes: over 100k followers
--- post @samm_zia ---
SKIP @samm_zia: over 100k followers

=== 33/150 | query: self care routine ===
--- search @ibselfcare ---
SKIP @ibselfcare: under 5k followers
--- search @healthbyfara ---
SKIP @healthbyfara: under 5k followers
--- post @_annahlane ---
✓ SENT @_annahlane — 34 total | vlogger/creator fit for Protein Quest, 26,700 followers, reel views 11403/11403/11403, avg ~11,403
✓ SENT @_annahlane
--- post @angelacbeauty ---
SKIP @angelacbeauty: over 100k followers
--- post @nathanbaarss ---
SKIP @nathanbaarss: reel views below 5k (1372, 1372)
--- post @diara.glowup.tips ---
SKIP @diara.glowup.tips: repost signals on reels

=== 34/150 | query: day in my life vlog ===
--- search @mini_vlog_day_in_my_life_ ---
--- search @day_inmylifevlog ---
--- post @oliviaakoo ---
--- post @werkingwithjames ---
--- post @mia.so.swag ---
--- post @aaronlam2k ---

=== 34/150 | query: daily vlog ===
--- search @dailyvlogs.batapora ---
--- search @siddique_dailyvlog ---
--- search @daily.vlogs__________ ---
--- search @daily_vloguk ---
--- search @dailyvlogs_dhiyashri ---
--- post @reemabassoumi ---
--- post @oliviaakoo ---
--- post @justt_eliass ---
--- post @alyssasprinkle ---

=== 34/150 | query: lifestyle vlog ===
--- post @alyssasprinkle ---
--- post @mia.so.swag ---
--- post @ethanjcoyne ---
--- post @tristingracerowell ---

=== 34/150 | query: fitness vlog ===
--- search @fitnessvlog2026 ---
--- post @raahavy_ ---
--- post @todaysagoodaytofit ---
--- post @tiiiziana.nicola ---
--- post @amrita.fit ---
SKIP @amrita.fit: reel views below 5k (1452, 1452, 1452)

=== 34/150 | query: gym vlog ===
--- search @gym.vlogs.psg ---
--- search @__gym_vlog ---
--- search @gymvlogs2 ---
--- search @gym__vlog_1 ---
--- post @raahavy_ ---
--- post @bymiamendes ---
--- post @bfitcreator ---
--- post @devgym1 ---

=== 34/150 | query: wellness creator ===
--- post @baseline.pc ---
--- post @allybesse ---
--- post @valerieribon ---
--- post @sruthijayadevan ---
SKIP @sruthijayadevan: over 100k followers

=== 34/150 | query: fitness creator ===
--- search @nksfeed ---
--- search @jeeya.flex ---
--- search @ak_gym_lover01 ---
--- post @jordanvasiliou_ ---
--- post @_lucasaiello ---
SKIP @_lucasaiello: reel views below 5k (1374, 1374, 1374)
--- post @justinpf951 ---
--- post @danigoingsfit ---

=== 34/150 | query: meal prep creator ===
--- search @myxdcreations ---
--- search @imma_jeetee ---
--- search @goodfood.goodmood.mp ---
--- search @thatmealprepguy ---
--- search @upnorthnosh ---
--- post @thoshanwije ---
--- post @yuri.kwonn ---
SKIP @yuri.kwonn: under 5k followers
--- post @ellena_fit ---
--- post @cassolive ---
SKIP @cassolive: over 100k followers

=== 34/150 | query: protein recipes ===
--- search @kirstyfletcher ---
--- search @scottbaptie ---
--- search @protein.hacks ---
--- search @protein_.recipes ---
--- search @sverse__ ---
--- post @chef.tnac ---
--- post @how2mealprep ---
--- post @hungryraghavvv ---
SKIP @hungryraghavvv: over 100k followers
--- post @thebigmansworld ---

=== 34/150 | query: morning routine ===
--- search @morning_.routine ---
--- post @juniorfitnutrition ---
SKIP @juniorfitnutrition: over 100k followers
--- post @zoexpritchard ---
SKIP @zoexpritchard: reel views below 5k (1829, 1829, 1829)
--- post @sunnywithkerry ---
--- post @arsimeren ---
SKIP @arsimeren: over 100k followers

=== 34/150 | query: grwm ===
--- search @grwm_official.in ---
--- search @grwm.stevi ---
--- search @lillyslaay ---
--- search @aubs.grwm ---
--- search @grwm0rguekitty2.0 ---
--- post @julieanedaily ---
SKIP @julieanedaily: private/no DM
--- post @almost.cesca ---
--- post @jess.daisyyyy ---
SKIP @jess.daisyyyy: reel views below 5k (338, 338, 338)
--- post @chloexsmart_ ---

=== 34/150 | query: what i eat in a day ===

=== 34/150 | query: content creator ===
--- search @nastyaflorest ---
--- search @phoenix_instt ---
--- post @ryderdrobny ---
--- post @kienobifilms ---
--- post @andyhillocks ---
--- post @iamajene ---

=== 34/150 | query: micro influencer ===
--- search @ossypova ---
--- post @maryams_png ---
--- post @emily.sav ---
--- post @alyssadchang ---
--- post @nat.b0yd ---

=== 34/150 | query: fitness influencer ===
--- post @bymiamendes ---
--- post @bylovepreet ---
--- post @rooskfitness ---
--- post @livysiwickafit ---
✓ SENT @livysiwickafit — 35 total | vlogger/creator fit for Protein Quest, 11,500 followers, reel views 55414/55414/55414, avg ~55,414
✓ SENT @livysiwickafit

=== 35/150 | query: health creator ===
--- post @immy.maryam ---
--- post @gr_wellness ---
--- post @coach_acos ---
--- post @coachcarnivorecam ---

=== 35/150 | query: student vlog ===
--- post @lifewithbre___ ---
--- post @ramonecharissa ---
--- post @justt_eliass ---
--- post @its_joespov ---

=== 35/150 | query: college vlog ===
--- post @its_joespov ---
--- post @lifewithbre___ ---
--- post @its_joespov ---
--- post @justt_eliass ---

=== 35/150 | query: productivity vlog ===
--- post @urmom_sushi ---
--- post @chiprooma ---
--- post @helainezhao_ ---
--- post @nik1talks ---

=== 35/150 | query: home workout ===
--- search @home_workout_reel ---
--- search @homeworkoutvideos_ ---
--- search @homeworkout_videos_ ---
--- search @homeworkoutsvideos ---
--- search @homeworkout.mks ---
--- post @summers.coach ---
--- post @amandarisdal ---
--- post @nisha_optimist ---
--- post @samanthabarlow.fitness ---
SKIP @samanthabarlow.fitness: over 100k followers

=== 35/150 | query: nutrition coach ===
--- search @nutrition.coach_ ---
--- search @ah_nutritioncoach ---
--- search @sarahfit ---
--- post @om.nutrition_ ---
--- post @honoryournutrition ---
--- post @faithwyand ---
--- post @danielle_dpt ---

=== 35/150 | query: macro coach ===
--- post @coachmiarasmussen ---
--- post @codymcbroom ---
--- post @tayruns26.2 ---
--- post @maddiejhawley ---

=== 35/150 | query: fitness journey ===

=== 35/150 | query: gym content creator ===
--- search @vira_lboostmedia ---
--- search @devgymset ---
--- search @gaukhar.polatbay ---
--- search @subazz_lifts ---
--- post @anisiamartinezz_ ---
SKIP @anisiamartinezz_: over 100k followers
--- post @danigoingsfit ---
--- post @jordanvasiliou_ ---
--- post @paulsfitjourney ---
SKIP @paulsfitjourney: under 5k followers

=== 35/150 | query: calisthenics ===
--- search @start_calisthenics ---
--- search @andry_strong ---
--- search @calisthenics.bypaulina ---
--- search @jonah_calisthenics ---
--- search @yasin.baahmed ---
--- post @dailong_ns ---
--- post @alina.hepp ---
--- post @oliwyer_sw ---
--- post @alexandrosthenics ---

=== 35/150 | query: yoga vlog ===
--- post @kimihajian ---
--- post @itscrystaltan ---
--- post @duaahchandio ---
--- post @_boblow ---

=== 35/150 | query: running vlog ===
--- post @noelleekate ---
--- post @luellamayfitness ---
--- post @pashplayslife ---
--- post @alyssaeng_ ---

=== 35/150 | query: high protein meals ===
--- search @easyhighprotienrecipes ---
--- search @highprotein.meals ---
--- search @proteinmusclemeals ---
--- post @how2mealprep ---
--- post @issafitnesss ---
--- post @daniel.pitasi ---
SKIP @daniel.pitasi: over 100k followers
--- post @theproteindad ---

=== 35/150 | query: healthy habits ===

=== 35/150 | query: app review creator ===
--- search @creator_app_review_35 ---
--- post @nathanespinozayt ---
--- post @borisforeal ---
--- post @teal.days ---
--- post @ugcwithkaytelynn ---
SKIP @ugcwithkaytelynn: reel views below 5k (165, 165, 165)

=== 35/150 | query: tech lifestyle ===
--- post @tussalty ---
--- post @aaronlam2k ---
--- post @usmaanunplugged ---
✓ SENT @usmaanunplugged — 36 total | vlogger/creator fit for Protein Quest, 8,521 followers, reel views 16098/16098/16098, avg ~16,098
✓ SENT @usmaanunplugged
--- post @techjoyce ---
SKIP @techjoyce: over 100k followers

=== 36/150 | query: entrepreneur vlog ===
--- post @by.ramsay ---
--- post @ryderdrobny ---
--- post @swerikcodes ---
--- post @samm_zia ---

=== 36/150 | query: self care routine ===
--- search @ibselfcare ---
--- search @healthbyfara ---
--- post @_annahlane ---
--- post @angelacbeauty ---
--- post @nathanbaarss ---
--- post @linnacheung7 ---
SKIP @linnacheung7: over 100k followers

=== 36/150 | query: day in my life vlog ===
--- search @mini_vlog_day_in_my_life_ ---
--- search @day_inmylifevlog ---
--- post @oliviaakoo ---
--- post @werkingwithjames ---
--- post @mia.so.swag ---
--- post @aaronlam2k ---

=== 36/150 | query: daily vlog ===
--- search @dailyvlogs.batapora ---
--- search @siddique_dailyvlog ---
--- search @daily.vlogs__________ ---
--- search @daily_vloguk ---
--- search @dailyvlogs_dhiyashri ---
--- post @oliviaakoo ---
--- post @reemabassoumi ---
--- post @celfstudies ---
✓ SENT @celfstudies — 37 total | vlogger/creator fit for Protein Quest, 66,100 followers, reel views 46145/46145/46145, avg ~46,145
✓ SENT @celfstudies
--- post @justt_eliass ---

=== 37/150 | query: lifestyle vlog ===
--- post @alyssasprinkle ---
--- post @ethanjcoyne ---
--- post @mia.so.swag ---
--- post @tristingracerowell ---

=== 37/150 | query: fitness vlog ===
--- search @fitnessvlog2026 ---
--- post @raahavy_ ---
--- post @devgym1 ---
--- post @todaysagoodaytofit ---
--- post @tiiiziana.nicola ---

=== 37/150 | query: gym vlog ===
--- search @gym.vlogs.psg ---
--- search @__gym_vlog ---
--- search @gymvlogs2 ---
--- search @gym__vlog_1 ---
--- post @raahavy_ ---
--- post @bymiamendes ---
--- post @devgym1 ---
--- post @bfitcreator ---

=== 37/150 | query: wellness creator ===

=== 37/150 | query: fitness creator ===
--- search @nksfeed ---
--- search @jeeya.flex ---
--- search @ak_gym_lover01 ---
--- post @jordanvasiliou_ ---
--- post @_lucasaiello ---
--- post @justinpf951 ---
--- post @anisiamartinezz_ ---

=== 37/150 | query: meal prep creator ===
--- search @myxdcreations ---
--- search @imma_jeetee ---
--- search @goodfood.goodmood.mp ---
--- search @thatmealprepguy ---
--- search @upnorthnosh ---
--- post @thoshanwije ---
--- post @itsjackearly ---
--- post @yuri.kwonn ---
--- post @ellena_fit ---

=== 37/150 | query: protein recipes ===
--- search @kirstyfletcher ---
--- search @scottbaptie ---
--- search @protein.hacks ---
--- search @protein_.recipes ---
--- search @sverse__ ---
--- post @chef.tnac ---
--- post @how2mealprep ---
--- post @hungryraghavvv ---
--- post @thebigmansworld ---

=== 37/150 | query: morning routine ===
--- search @morning_.routine ---
--- post @zoexpritchard ---
--- post @juniorfitnutrition ---
--- post @sunnywithkerry ---
--- post @arsimeren ---

=== 37/150 | query: grwm ===
--- search @grwm_official.in ---
--- search @grwm.stevi ---
--- search @lillyslaay ---
--- search @aubs.grwm ---
--- search @grwm0rguekitty2.0 ---
--- post @julieanedaily ---
--- post @almost.cesca ---
--- post @siennamacalinao ---
SKIP @siennamacalinao: no reels
--- post @chloexsmart_ ---

=== 37/150 | query: what i eat in a day ===

=== 37/150 | query: content creator ===
--- search @nastyaflorest ---
--- search @phoenix_instt ---
--- post @ryderdrobny ---
--- post @kienobifilms ---
--- post @andyhillocks ---
--- post @iamajene ---

=== 37/150 | query: micro influencer ===
--- search @ossypova ---
--- post @maryams_png ---
--- post @emily.sav ---
--- post @alyssadchang ---
--- post @nat.b0yd ---

=== 37/150 | query: fitness influencer ===
--- post @bymiamendes ---

=== 37/150 | query: health creator ===

=== 37/150 | query: student vlog ===

=== 37/150 | query: college vlog ===

=== 37/150 | query: productivity vlog ===

=== 37/150 | query: home workout ===
--- search @home_workout_reel ---
--- search @homeworkoutvideos_ ---
--- search @homeworkout_videos_ ---
--- search @homeworkoutsvideos ---
--- search @homeworkout.mks ---

=== 37/150 | query: nutrition coach ===
--- search @nutrition.coach_ ---
--- search @ah_nutritioncoach ---
--- search @sarahfit ---

=== 37/150 | query: macro coach ===

=== 37/150 | query: fitness journey ===

=== 37/150 | query: gym content creator ===
--- search @vira_lboostmedia ---
--- search @devgymset ---
--- search @gaukhar.polatbay ---
--- search @subazz_lifts ---

=== 37/150 | query: calisthenics ===
--- search @start_calisthenics ---
--- search @andry_strong ---
--- search @calisthenics.bypaulina ---
--- search @jonah_calisthenics ---
--- search @yasin.baahmed ---

=== 37/150 | query: yoga vlog ===

=== 37/150 | query: running vlog ===

=== 37/150 | query: high protein meals ===
--- search @easyhighprotienrecipes ---
--- search @highprotein.meals ---
--- search @proteinmusclemeals ---

=== 37/150 | query: healthy habits ===

=== 37/150 | query: app review creator ===
--- search @creator_app_review_35 ---

=== 37/150 | query: tech lifestyle ===

=== 37/150 | query: entrepreneur vlog ===

=== 37/150 | query: self care routine ===
--- search @ibselfcare ---
--- search @healthbyfara ---

=== 37/150 | query: day in my life vlog ===
--- search @mini_vlog_day_in_my_life_ ---
--- search @day_inmylifevlog ---

=== 37/150 | query: daily vlog ===
--- search @dailyvlogs.batapora ---
--- search @siddique_dailyvlog ---
--- search @daily.vlogs__________ ---
--- search @daily_vloguk ---
--- search @dailyvlogs_dhiyashri ---

=== 37/150 | query: lifestyle vlog ===

=== 37/150 | query: fitness vlog ===
--- search @fitnessvlog2026 ---

=== 37/150 | query: gym vlog ===
--- search @gym.vlogs.psg ---
--- search @__gym_vlog ---
--- search @gymvlogs2 ---
--- search @gym__vlog_1 ---

=== 37/150 | query: wellness creator ===

=== 37/150 | query: fitness creator ===
--- search @nksfeed ---
--- search @jeeya.flex ---
--- search @ak_gym_lover01 ---

=== 37/150 | query: meal prep creator ===
--- search @myxdcreations ---
--- search @imma_jeetee ---
--- search @goodfood.goodmood.mp ---
--- search @thatmealprepguy ---
--- search @upnorthnosh ---

=== 37/150 | query: protein recipes ===
--- search @kirstyfletcher ---
--- search @scottbaptie ---
--- search @protein.hacks ---
--- search @protein_.recipes ---
--- search @sverse__ ---

=== 37/150 | query: morning routine ===
--- search @morning_.routine ---

=== 37/150 | query: grwm ===
--- search @grwm_official.in ---
--- search @grwm.stevi ---
--- search @lillyslaay ---
--- search @aubs.grwm ---
--- search @grwm0rguekitty2.0 ---

=== 37/150 | query: what i eat in a day ===

=== 37/150 | query: content creator ===
--- search @nastyaflorest ---
--- search @phoenix_instt ---

=== 37/150 | query: micro influencer ===
--- search @ossypova ---

=== 37/150 | query: fitness influencer ===

=== 37/150 | query: health creator ===

=== 37/150 | query: student vlog ===

=== 37/150 | query: college vlog ===

=== 37/150 | query: productivity vlog ===

=== 37/150 | query: home workout ===
--- search @home_workout_reel ---
--- search @homeworkoutvideos_ ---
--- search @homeworkout_videos_ ---
--- search @homeworkoutsvideos ---
--- search @homeworkout.mks ---

=== 37/150 | query: nutrition coach ===
--- search @nutrition.coach_ ---
--- search @ah_nutritioncoach ---
--- search @sarahfit ---

=== 37/150 | query: macro coach ===

=== 37/150 | query: fitness journey ===

=== 37/150 | query: gym content creator ===
--- search @vira_lboostmedia ---
--- search @devgymset ---
--- search @gaukhar.polatbay ---
--- search @subazz_lifts ---

=== 37/150 | query: calisthenics ===
--- search @start_calisthenics ---
--- search @andry_strong ---
--- search @calisthenics.bypaulina ---
--- search @jonah_calisthenics ---
--- search @yasin.baahmed ---

=== 37/150 | query: yoga vlog ===

=== 37/150 | query: running vlog ===

=== 37/150 | query: high protein meals ===
--- search @easyhighprotienrecipes ---
--- search @highprotein.meals ---
--- search @proteinmusclemeals ---

=== 37/150 | query: healthy habits ===

=== 37/150 | query: app review creator ===
--- search @creator_app_review_35 ---

=== 37/150 | query: tech lifestyle ===

=== 37/150 | query: entrepreneur vlog ===

=== 37/150 | query: self care routine ===
--- search @ibselfcare ---
--- search @healthbyfara ---

=== 37/150 | query: day in my life vlog ===
--- search @mini_vlog_day_in_my_life_ ---
--- search @day_inmylifevlog ---

=== 37/150 | query: daily vlog ===
--- search @dailyvlogs.batapora ---
--- search @siddique_dailyvlog ---
--- search @daily.vlogs__________ ---
--- search @daily_vloguk ---
--- search @dailyvlogs_dhiyashri ---

=== 37/150 | query: lifestyle vlog ===

=== 37/150 | query: fitness vlog ===
--- search @fitnessvlog2026 ---

=== 37/150 | query: gym vlog ===
--- search @gym.vlogs.psg ---
--- search @__gym_vlog ---
--- search @gymvlogs2 ---
--- search @gym__vlog_1 ---

=== 37/150 | query: wellness creator ===

=== 37/150 | query: fitness creator ===
--- search @nksfeed ---
--- search @jeeya.flex ---
--- search @ak_gym_lover01 ---

=== 37/150 | query: meal prep creator ===
--- search @myxdcreations ---
--- search @imma_jeetee ---
--- search @goodfood.goodmood.mp ---
--- search @thatmealprepguy ---
--- search @upnorthnosh ---

=== 37/150 | query: protein recipes ===
--- search @kirstyfletcher ---
--- search @scottbaptie ---
--- search @protein.hacks ---
--- search @protein_.recipes ---
--- search @sverse__ ---

=== 37/150 | query: morning routine ===
--- search @morning_.routine ---

=== 37/150 | query: grwm ===
--- search @grwm_official.in ---
--- search @grwm.stevi ---
--- search @lillyslaay ---
--- search @aubs.grwm ---
--- search @grwm0rguekitty2.0 ---

=== 37/150 | query: what i eat in a day ===

=== 37/150 | query: content creator ===
--- search @nastyaflorest ---
--- search @phoenix_instt ---

=== 37/150 | query: micro influencer ===
--- search @ossypova ---

=== 37/150 | query: fitness influencer ===

=== 37/150 | query: health creator ===

=== 37/150 | query: student vlog ===

=== 37/150 | query: college vlog ===

=== 37/150 | query: productivity vlog ===

=== 37/150 | query: home workout ===
--- search @home_workout_reel ---
--- search @homeworkoutvideos_ ---
--- search @homeworkout_videos_ ---
--- search @homeworkoutsvideos ---
--- search @homeworkout.mks ---

=== 37/150 | query: nutrition coach ===
--- search @nutrition.coach_ ---
--- search @ah_nutritioncoach ---
--- search @sarahfit ---

=== 37/150 | query: macro coach ===

=== 37/150 | query: fitness journey ===

=== 37/150 | query: gym content creator ===
--- search @vira_lboostmedia ---
--- search @devgymset ---
--- search @gaukhar.polatbay ---
--- search @subazz_lifts ---

=== 37/150 | query: calisthenics ===
--- search @start_calisthenics ---
--- search @andry_strong ---
--- search @calisthenics.bypaulina ---
--- search @jonah_calisthenics ---
--- search @yasin.baahmed ---

=== 37/150 | query: yoga vlog ===

=== 37/150 | query: running vlog ===

=== 37/150 | query: high protein meals ===
--- search @easyhighprotienrecipes ---
--- search @highprotein.meals ---
--- search @proteinmusclemeals ---

=== 37/150 | query: healthy habits ===

=== 37/150 | query: app review creator ===
--- search @creator_app_review_35 ---

=== 37/150 | query: tech lifestyle ===

=== 37/150 | query: entrepreneur vlog ===

=== 37/150 | query: self care routine ===
--- search @ibselfcare ---
--- search @healthbyfara ---

=== 37/150 | query: day in my life vlog ===
--- search @mini_vlog_day_in_my_life_ ---
--- search @day_inmylifevlog ---

=== 37/150 | query: daily vlog ===
--- search @dailyvlogs.batapora ---
--- search @siddique_dailyvlog ---
--- search @daily.vlogs__________ ---
--- search @daily_vloguk ---
--- search @dailyvlogs_dhiyashri ---

=== 37/150 | query: lifestyle vlog ===

=== 37/150 | query: fitness vlog ===
--- search @fitnessvlog2026 ---

=== 37/150 | query: gym vlog ===
--- search @gym.vlogs.psg ---
--- search @__gym_vlog ---
--- search @gymvlogs2 ---
--- search @gym__vlog_1 ---

=== 37/150 | query: wellness creator ===

=== 37/150 | query: fitness creator ===
--- search @nksfeed ---
--- search @jeeya.flex ---
--- search @ak_gym_lover01 ---

=== 37/150 | query: meal prep creator ===
--- search @myxdcreations ---
--- search @imma_jeetee ---
--- search @goodfood.goodmood.mp ---
--- search @thatmealprepguy ---
--- search @upnorthnosh ---

=== 37/150 | query: protein recipes ===
--- search @kirstyfletcher ---
--- search @scottbaptie ---
--- search @protein.hacks ---
--- search @protein_.recipes ---
--- search @sverse__ ---

=== 37/150 | query: morning routine ===
--- search @morning_.routine ---

=== 37/150 | query: grwm ===
--- search @grwm_official.in ---
--- search @grwm.stevi ---
--- search @lillyslaay ---
--- search @aubs.grwm ---
--- search @grwm0rguekitty2.0 ---

=== 37/150 | query: what i eat in a day ===

=== 37/150 | query: content creator ===
--- search @nastyaflorest ---
--- search @phoenix_instt ---

=== 37/150 | query: micro influencer ===
--- search @ossypova ---

=== 37/150 | query: fitness influencer ===

=== 37/150 | query: health creator ===

=== 37/150 | query: student vlog ===

=== 37/150 | query: college vlog ===

=== 37/150 | query: productivity vlog ===

=== 37/150 | query: home workout ===
--- search @home_workout_reel ---
--- search @homeworkoutvideos_ ---
--- search @homeworkout_videos_ ---
--- search @homeworkoutsvideos ---
--- search @homeworkout.mks ---

=== 37/150 | query: nutrition coach ===
--- search @nutrition.coach_ ---
--- search @ah_nutritioncoach ---
--- search @sarahfit ---

=== 37/150 | query: macro coach ===

=== 37/150 | query: fitness journey ===

=== 37/150 | query: gym content creator ===
--- search @vira_lboostmedia ---
--- search @devgymset ---
--- search @gaukhar.polatbay ---
--- search @subazz_lifts ---

=== 37/150 | query: calisthenics ===
--- search @start_calisthenics ---
--- search @andry_strong ---
--- search @calisthenics.bypaulina ---
--- search @jonah_calisthenics ---
--- search @yasin.baahmed ---

=== 37/150 | query: yoga vlog ===

=== 37/150 | query: running vlog ===

=== 37/150 | query: high protein meals ===
--- search @easyhighprotienrecipes ---
--- search @highprotein.meals ---
--- search @proteinmusclemeals ---

=== 37/150 | query: healthy habits ===

=== 37/150 | query: app review creator ===
--- search @creator_app_review_35 ---

=== 37/150 | query: tech lifestyle ===

=== 37/150 | query: entrepreneur vlog ===

=== 37/150 | query: self care routine ===
--- search @ibselfcare ---
--- search @healthbyfara ---

=== 37/150 | query: day in my life vlog ===
--- search @mini_vlog_day_in_my_life_ ---
--- search @day_inmylifevlog ---

=== 37/150 | query: daily vlog ===
--- search @dailyvlogs.batapora ---
--- search @siddique_dailyvlog ---
--- search @daily.vlogs__________ ---
--- search @daily_vloguk ---
--- search @dailyvlogs_dhiyashri ---

=== 37/150 | query: lifestyle vlog ===

=== 37/150 | query: fitness vlog ===
--- search @fitnessvlog2026 ---

=== 37/150 | query: gym vlog ===
--- search @gym.vlogs.psg ---
--- search @__gym_vlog ---
--- search @gymvlogs2 ---
--- search @gym__vlog_1 ---

=== 37/150 | query: wellness creator ===

=== 37/150 | query: fitness creator ===
--- search @nksfeed ---
--- search @jeeya.flex ---
--- search @ak_gym_lover01 ---

=== 37/150 | query: meal prep creator ===
--- search @myxdcreations ---
--- search @imma_jeetee ---
--- search @goodfood.goodmood.mp ---
--- search @thatmealprepguy ---
--- search @upnorthnosh ---

=== 37/150 | query: protein recipes ===
--- search @kirstyfletcher ---
--- search @scottbaptie ---
--- search @protein.hacks ---
--- search @protein_.recipes ---
--- search @sverse__ ---

=== 37/150 | query: morning routine ===
--- search @morning_.routine ---

=== 37/150 | query: grwm ===
--- search @grwm_official.in ---
--- search @grwm.stevi ---
--- search @lillyslaay ---
--- search @aubs.grwm ---
--- search @grwm0rguekitty2.0 ---

=== 37/150 | query: what i eat in a day ===

=== 37/150 | query: content creator ===
--- search @nastyaflorest ---
--- search @phoenix_instt ---

=== 37/150 | query: micro influencer ===
--- search @ossypova ---

=== 37/150 | query: fitness influencer ===

=== 37/150 | query: health creator ===

=== 37/150 | query: student vlog ===

=== 37/150 | query: college vlog ===

=== 37/150 | query: productivity vlog ===

=== 37/150 | query: home workout ===
--- search @home_workout_reel ---
--- search @homeworkoutvideos_ ---
--- search @homeworkout_videos_ ---
--- search @homeworkoutsvideos ---
--- search @homeworkout.mks ---

=== 37/150 | query: nutrition coach ===
--- search @nutrition.coach_ ---
--- search @ah_nutritioncoach ---
--- search @sarahfit ---
err: navigate: page load timeout (30s)

=== 37/150 | query: macro coach ===

=== 37/150 | query: fitness journey ===

=== 37/150 | query: gym content creator ===
--- search @vira_lboostmedia ---
--- search @devgymset ---
--- search @gaukhar.polatbay ---
--- search @subazz_lifts ---

=== 37/150 | query: calisthenics ===
--- search @start_calisthenics ---
--- search @andry_strong ---
--- search @calisthenics.bypaulina ---
--- search @jonah_calisthenics ---
--- search @yasin.baahmed ---

=== 37/150 | query: yoga vlog ===

=== 37/150 | query: running vlog ===
err: navigate: page load timeout (30s)

=== 37/150 | query: high protein meals ===
--- search @easyhighprotienrecipes ---
--- search @highprotein.meals ---
--- search @proteinmusclemeals ---

=== 37/150 | query: healthy habits ===

=== 37/150 | query: app review creator ===
--- search @creator_app_review_35 ---

=== 37/150 | query: tech lifestyle ===

=== 37/150 | query: entrepreneur vlog ===

=== 37/150 | query: self care routine ===
--- search @ibselfcare ---
--- search @healthbyfara ---

=== 37/150 | query: day in my life vlog ===
--- search @mini_vlog_day_in_my_life_ ---
--- search @day_inmylifevlog ---

=== 37/150 | query: daily vlog ===
--- search @dailyvlogs.batapora ---
--- search @siddique_dailyvlog ---
--- search @daily.vlogs__________ ---
--- search @daily_vloguk ---
--- search @dailyvlogs_dhiyashri ---

=== 37/150 | query: lifestyle vlog ===

=== 37/150 | query: fitness vlog ===
--- search @fitnessvlog2026 ---

=== 37/150 | query: gym vlog ===
--- search @gym.vlogs.psg ---
--- search @__gym_vlog ---
--- search @gymvlogs2 ---
--- search @gym__vlog_1 ---

=== 37/150 | query: wellness creator ===

=== 37/150 | query: fitness creator ===
--- search @nksfeed ---
--- search @jeeya.flex ---
--- search @ak_gym_lover01 ---

=== 37/150 | query: meal prep creator ===
--- search @myxdcreations ---
--- search @imma_jeetee ---
--- search @goodfood.goodmood.mp ---
--- search @thatmealprepguy ---
--- search @upnorthnosh ---

=== 37/150 | query: protein recipes ===
--- search @kirstyfletcher ---
--- search @scottbaptie ---
--- search @protein.hacks ---
--- search @protein_.recipes ---
--- search @sverse__ ---

=== 37/150 | query: morning routine ===
--- search @morning_.routine ---

=== 37/150 | query: grwm ===
--- search @grwm_official.in ---
--- search @grwm.stevi ---
--- search @lillyslaay ---
--- search @aubs.grwm ---
--- search @grwm0rguekitty2.0 ---

=== 37/150 | query: what i eat in a day ===

=== 37/150 | query: content creator ===
--- search @nastyaflorest ---
--- search @phoenix_instt ---

=== 37/150 | query: micro influencer ===
--- search @ossypova ---

=== 37/150 | query: fitness influencer ===

=== 37/150 | query: health creator ===

=== 37/150 | query: student vlog ===

=== 37/150 | query: college vlog ===

=== 37/150 | query: productivity vlog ===

=== 37/150 | query: home workout ===
--- search @home_workout_reel ---
--- search @homeworkoutvideos_ ---
--- search @homeworkout_videos_ ---
--- search @homeworkoutsvideos ---
--- search @homeworkout.mks ---

=== 37/150 | query: nutrition coach ===
--- search @nutrition.coach_ ---
--- search @ah_nutritioncoach ---
--- search @sarahfit ---

=== 37/150 | query: macro coach ===

=== 37/150 | query: fitness journey ===

=== 37/150 | query: gym content creator ===
--- search @vira_lboostmedia ---
--- search @devgymset ---
--- search @gaukhar.polatbay ---
--- search @subazz_lifts ---

=== 37/150 | query: calisthenics ===
--- search @start_calisthenics ---
--- search @andry_strong ---
--- search @calisthenics.bypaulina ---
--- search @jonah_calisthenics ---
--- search @yasin.baahmed ---

=== 37/150 | query: yoga vlog ===

=== 37/150 | query: running vlog ===

=== 37/150 | query: high protein meals ===
--- search @easyhighprotienrecipes ---
--- search @highprotein.meals ---
--- search @proteinmusclemeals ---

=== 37/150 | query: healthy habits ===

=== 37/150 | query: app review creator ===
--- search @creator_app_review_35 ---

=== 37/150 | query: tech lifestyle ===

=== 37/150 | query: entrepreneur vlog ===

=== 37/150 | query: self care routine ===
--- search @ibselfcare ---
--- search @healthbyfara ---

=== 37/150 | query: day in my life vlog ===
--- search @mini_vlog_day_in_my_life_ ---
--- search @day_inmylifevlog ---

=== 37/150 | query: daily vlog ===
--- search @dailyvlogs.batapora ---
--- search @siddique_dailyvlog ---
--- search @daily.vlogs__________ ---
--- search @daily_vloguk ---
--- search @dailyvlogs_dhiyashri ---

=== 37/150 | query: lifestyle vlog ===

=== 37/150 | query: fitness vlog ===
--- search @fitnessvlog2026 ---

=== 37/150 | query: gym vlog ===
--- search @gym.vlogs.psg ---
--- search @__gym_vlog ---
--- search @gymvlogs2 ---
--- search @gym__vlog_1 ---

=== 37/150 | query: wellness creator ===

=== 37/150 | query: fitness creator ===
--- search @nksfeed ---
--- search @jeeya.flex ---
--- search @ak_gym_lover01 ---

=== 37/150 | query: meal prep creator ===
--- search @myxdcreations ---
--- search @imma_jeetee ---
--- search @goodfood.goodmood.mp ---
--- search @thatmealprepguy ---
--- search @upnorthnosh ---

=== 37/150 | query: protein recipes ===
--- search @kirstyfletcher ---
--- search @scottbaptie ---
--- search @protein.hacks ---
--- search @protein_.recipes ---
--- search @sverse__ ---

=== 37/150 | query: morning routine ===
--- search @morning_.routine ---

=== 37/150 | query: grwm ===
--- search @grwm_official.in ---
--- search @grwm.stevi ---
--- search @lillyslaay ---
--- search @aubs.grwm ---
--- search @grwm0rguekitty2.0 ---

=== 37/150 | query: what i eat in a day ===

=== 37/150 | query: content creator ===
--- search @nastyaflorest ---
--- search @phoenix_instt ---

=== 37/150 | query: micro influencer ===
--- search @ossypova ---

=== 37/150 | query: fitness influencer ===

=== 37/150 | query: health creator ===

=== 37/150 | query: student vlog ===

=== 37/150 | query: college vlog ===

=== 37/150 | query: productivity vlog ===

=== 37/150 | query: home workout ===
--- search @home_workout_reel ---
--- search @homeworkoutvideos_ ---
--- search @homeworkout_videos_ ---
--- search @homeworkoutsvideos ---
--- search @homeworkout.mks ---

=== 37/150 | query: nutrition coach ===
--- search @nutrition.coach_ ---
--- search @ah_nutritioncoach ---
--- search @sarahfit ---

=== 37/150 | query: macro coach ===

=== 37/150 | query: fitness journey ===

=== 37/150 | query: gym content creator ===
--- search @vira_lboostmedia ---
--- search @devgymset ---
--- search @gaukhar.polatbay ---
--- search @subazz_lifts ---

=== 37/150 | query: calisthenics ===
--- search @start_calisthenics ---
--- search @andry_strong ---
--- search @calisthenics.bypaulina ---
--- search @jonah_calisthenics ---
--- search @yasin.baahmed ---

=== 37/150 | query: yoga vlog ===

=== 37/150 | query: running vlog ===

=== 37/150 | query: high protein meals ===
--- search @easyhighprotienrecipes ---
--- search @highprotein.meals ---
--- search @proteinmusclemeals ---

=== 37/150 | query: healthy habits ===

=== 37/150 | query: app review creator ===
--- search @creator_app_review_35 ---

=== 37/150 | query: tech lifestyle ===

=== 37/150 | query: entrepreneur vlog ===

=== 37/150 | query: self care routine ===
--- search @ibselfcare ---
--- search @healthbyfara ---
err: navigate: page load timeout (30s)

=== 37/150 | query: day in my life vlog ===
--- search @mini_vlog_day_in_my_life_ ---
--- search @day_inmylifevlog ---

=== 37/150 | query: daily vlog ===
--- search @dailyvlogs.batapora ---
--- search @siddique_dailyvlog ---
--- search @daily.vlogs__________ ---
--- search @daily_vloguk ---
--- search @dailyvlogs_dhiyashri ---

=== 37/150 | query: lifestyle vlog ===

=== 37/150 | query: fitness vlog ===
--- search @fitnessvlog2026 ---

=== 37/150 | query: gym vlog ===
--- search @gym.vlogs.psg ---
--- search @__gym_vlog ---
--- search @gymvlogs2 ---
--- search @gym__vlog_1 ---

=== 37/150 | query: wellness creator ===

=== 37/150 | query: fitness creator ===
--- search @nksfeed ---
--- search @jeeya.flex ---
--- search @ak_gym_lover01 ---

=== 37/150 | query: meal prep creator ===
--- search @myxdcreations ---
--- search @imma_jeetee ---
--- search @goodfood.goodmood.mp ---
--- search @thatmealprepguy ---
--- search @upnorthnosh ---

=== 37/150 | query: protein recipes ===
--- search @kirstyfletcher ---
--- search @scottbaptie ---
--- search @protein.hacks ---
--- search @protein_.recipes ---
--- search @sverse__ ---

=== 37/150 | query: morning routine ===
--- search @morning_.routine ---

=== 37/150 | query: grwm ===
--- search @grwm_official.in ---
--- search @grwm.stevi ---
--- search @lillyslaay ---
--- search @aubs.grwm ---
--- search @grwm0rguekitty2.0 ---

=== 37/150 | query: what i eat in a day ===

=== 37/150 | query: content creator ===
--- search @nastyaflorest ---
--- search @phoenix_instt ---

=== 37/150 | query: micro influencer ===
--- search @ossypova ---

=== 37/150 | query: fitness influencer ===

=== 37/150 | query: health creator ===

=== 37/150 | query: student vlog ===

=== 37/150 | query: college vlog ===

=== 37/150 | query: productivity vlog ===

=== 37/150 | query: home workout ===
--- search @home_workout_reel ---
--- search @homeworkoutvideos_ ---
--- search @homeworkout_videos_ ---
--- search @homeworkoutsvideos ---
--- search @homeworkout.mks ---

=== 37/150 | query: nutrition coach ===
--- search @nutrition.coach_ ---
--- search @ah_nutritioncoach ---
--- search @sarahfit ---

=== 37/150 | query: macro coach ===

=== 37/150 | query: fitness journey ===

=== 37/150 | query: gym content creator ===
--- search @vira_lboostmedia ---
--- search @devgymset ---
--- search @gaukhar.polatbay ---
--- search @subazz_lifts ---

=== 37/150 | query: calisthenics ===
--- search @start_calisthenics ---
--- search @andry_strong ---
--- search @calisthenics.bypaulina ---
--- search @jonah_calisthenics ---
--- search @yasin.baahmed ---

=== 37/150 | query: yoga vlog ===
err: navigate: page load timeout (30s)

=== 37/150 | query: running vlog ===

=== 37/150 | query: high protein meals ===
--- search @easyhighprotienrecipes ---
--- search @highprotein.meals ---
--- search @proteinmusclemeals ---

=== 37/150 | query: healthy habits ===

=== 37/150 | query: app review creator ===
--- search @creator_app_review_35 ---

=== 37/150 | query: tech lifestyle ===

=== 37/150 | query: entrepreneur vlog ===

=== 37/150 | query: self care routine ===
--- search @ibselfcare ---
--- search @healthbyfara ---

=== 37/150 | query: day in my life vlog ===
--- search @mini_vlog_day_in_my_life_ ---
--- search @day_inmylifevlog ---

=== 37/150 | query: daily vlog ===
--- search @dailyvlogs.batapora ---
--- search @siddique_dailyvlog ---
--- search @daily.vlogs__________ ---
--- search @daily_vloguk ---
--- search @dailyvlogs_dhiyashri ---

=== 37/150 | query: lifestyle vlog ===

=== 37/150 | query: fitness vlog ===
--- search @fitnessvlog2026 ---

=== 37/150 | query: gym vlog ===
--- search @gym.vlogs.psg ---
--- search @__gym_vlog ---
--- search @gymvlogs2 ---
--- search @gym__vlog_1 ---

=== 37/150 | query: wellness creator ===

=== 37/150 | query: fitness creator ===
--- search @nksfeed ---
--- search @jeeya.flex ---
--- search @ak_gym_lover01 ---

=== 37/150 | query: meal prep creator ===
--- search @myxdcreations ---
--- search @imma_jeetee ---
--- search @goodfood.goodmood.mp ---
--- search @thatmealprepguy ---
--- search @upnorthnosh ---

=== 37/150 | query: protein recipes ===
--- search @kirstyfletcher ---
--- search @scottbaptie ---
--- search @protein.hacks ---
--- search @protein_.recipes ---
--- search @sverse__ ---

=== 37/150 | query: morning routine ===
--- search @morning_.routine ---

=== 37/150 | query: grwm ===
--- search @grwm_official.in ---
--- search @grwm.stevi ---
--- search @lillyslaay ---
--- search @aubs.grwm ---
--- search @grwm0rguekitty2.0 ---

=== 37/150 | query: what i eat in a day ===

=== 37/150 | query: content creator ===
--- search @nastyaflorest ---
--- search @phoenix_instt ---

=== 37/150 | query: micro influencer ===
--- search @ossypova ---

=== 37/150 | query: fitness influencer ===

=== 37/150 | query: health creator ===

=== 37/150 | query: student vlog ===

=== 37/150 | query: college vlog ===

=== 37/150 | query: productivity vlog ===

=== 37/150 | query: home workout ===
--- search @home_workout_reel ---
--- search @homeworkoutvideos_ ---
--- search @homeworkout_videos_ ---
--- search @homeworkoutsvideos ---
--- search @homeworkout.mks ---

=== 37/150 | query: nutrition coach ===
--- search @nutrition.coach_ ---
--- search @ah_nutritioncoach ---
--- search @sarahfit ---

=== 37/150 | query: macro coach ===

=== 37/150 | query: fitness journey ===

=== 37/150 | query: gym content creator ===
--- search @vira_lboostmedia ---
--- search @devgymset ---
--- search @gaukhar.polatbay ---
--- search @subazz_lifts ---

=== 37/150 | query: calisthenics ===
--- search @start_calisthenics ---
--- search @andry_strong ---
--- search @calisthenics.bypaulina ---
--- search @jonah_calisthenics ---
--- search @yasin.baahmed ---

=== 37/150 | query: yoga vlog ===

=== 37/150 | query: running vlog ===

=== 37/150 | query: high protein meals ===
--- search @easyhighprotienrecipes ---
--- search @highprotein.meals ---
--- search @proteinmusclemeals ---

=== 37/150 | query: healthy habits ===

=== 37/150 | query: app review creator ===
--- search @creator_app_review_35 ---

=== 37/150 | query: tech lifestyle ===

=== 37/150 | query: entrepreneur vlog ===

=== 37/150 | query: self care routine ===
--- search @ibselfcare ---
--- search @healthbyfara ---

=== 37/150 | query: day in my life vlog ===
--- search @mini_vlog_day_in_my_life_ ---
--- search @day_inmylifevlog ---

=== 37/150 | query: daily vlog ===
--- search @dailyvlogs.batapora ---
--- search @siddique_dailyvlog ---
--- search @daily.vlogs__________ ---
--- search @daily_vloguk ---
--- search @dailyvlogs_dhiyashri ---

=== 37/150 | query: lifestyle vlog ===

=== 37/150 | query: fitness vlog ===
--- search @fitnessvlog2026 ---

=== 37/150 | query: gym vlog ===
--- search @gym.vlogs.psg ---
--- search @__gym_vlog ---
--- search @gymvlogs2 ---
--- search @gym__vlog_1 ---
err: navigate: page load timeout (30s)

=== 37/150 | query: wellness creator ===

=== 37/150 | query: fitness creator ===
--- search @nksfeed ---
--- search @jeeya.flex ---
--- search @ak_gym_lover01 ---

=== 37/150 | query: meal prep creator ===
--- search @myxdcreations ---
--- search @imma_jeetee ---
--- search @goodfood.goodmood.mp ---
--- search @thatmealprepguy ---
--- search @upnorthnosh ---

=== 37/150 | query: protein recipes ===
--- search @kirstyfletcher ---
--- search @scottbaptie ---
--- search @protein.hacks ---
--- search @protein_.recipes ---
--- search @sverse__ ---
err: navigate: page load timeout (30s)

=== 37/150 | query: morning routine ===
--- search @morning_.routine ---

=== 37/150 | query: grwm ===
--- search @grwm_official.in ---
--- search @grwm.stevi ---
--- search @lillyslaay ---
--- search @aubs.grwm ---
--- search @grwm0rguekitty2.0 ---

=== 37/150 | query: what i eat in a day ===

=== 37/150 | query: content creator ===
--- search @nastyaflorest ---
--- search @phoenix_instt ---

=== 37/150 | query: micro influencer ===
--- search @ossypova ---

=== 37/150 | query: fitness influencer ===

=== 37/150 | query: health creator ===

=== 37/150 | query: student vlog ===

=== 37/150 | query: college vlog ===

=== 37/150 | query: productivity vlog ===

=== 37/150 | query: home workout ===
--- search @home_workout_reel ---
--- search @homeworkoutvideos_ ---
--- search @homeworkout_videos_ ---
--- search @homeworkoutsvideos ---
--- search @homeworkout.mks ---

=== 37/150 | query: nutrition coach ===
--- search @nutrition.coach_ ---
--- search @ah_nutritioncoach ---
--- search @sarahfit ---

=== 37/150 | query: macro coach ===

=== 37/150 | query: fitness journey ===

=== 37/150 | query: gym content creator ===
--- search @vira_lboostmedia ---
--- search @devgymset ---
--- search @gaukhar.polatbay ---
--- search @subazz_lifts ---

=== 37/150 | query: calisthenics ===
--- search @start_calisthenics ---
--- search @andry_strong ---
--- search @calisthenics.bypaulina ---
--- search @jonah_calisthenics ---
--- search @yasin.baahmed ---

=== 37/150 | query: yoga vlog ===

=== 37/150 | query: running vlog ===

=== 37/150 | query: high protein meals ===
--- search @easyhighprotienrecipes ---
--- search @highprotein.meals ---
--- search @proteinmusclemeals ---

=== 37/150 | query: healthy habits ===

=== 37/150 | query: app review creator ===
--- search @creator_app_review_35 ---

=== 37/150 | query: tech lifestyle ===

=== 37/150 | query: entrepreneur vlog ===

=== 37/150 | query: self care routine ===
--- search @ibselfcare ---
--- search @healthbyfara ---

=== 37/150 | query: day in my life vlog ===
--- search @mini_vlog_day_in_my_life_ ---
--- search @day_inmylifevlog ---

=== 37/150 | query: daily vlog ===
--- search @dailyvlogs.batapora ---
--- search @siddique_dailyvlog ---
--- search @daily.vlogs__________ ---
--- search @daily_vloguk ---
--- search @dailyvlogs_dhiyashri ---

=== 37/150 | query: lifestyle vlog ===

=== 37/150 | query: fitness vlog ===
--- search @fitnessvlog2026 ---

=== 37/150 | query: gym vlog ===
--- search @gym.vlogs.psg ---
--- search @__gym_vlog ---
--- search @gymvlogs2 ---
--- search @gym__vlog_1 ---

=== 37/150 | query: wellness creator ===

=== 37/150 | query: fitness creator ===
--- search @nksfeed ---
--- search @jeeya.flex ---
--- search @ak_gym_lover01 ---

=== 37/150 | query: meal prep creator ===
--- search @myxdcreations ---
--- search @imma_jeetee ---
--- search @goodfood.goodmood.mp ---
--- search @thatmealprepguy ---
--- search @upnorthnosh ---

=== 37/150 | query: protein recipes ===
--- search @kirstyfletcher ---
--- search @scottbaptie ---
--- search @protein.hacks ---
--- search @protein_.recipes ---
--- search @sverse__ ---

=== 37/150 | query: morning routine ===
--- search @morning_.routine ---

=== 37/150 | query: grwm ===
--- search @grwm_official.in ---
--- search @grwm.stevi ---
--- search @lillyslaay ---
--- search @aubs.grwm ---
--- search @grwm0rguekitty2.0 ---

=== 37/150 | query: what i eat in a day ===

=== 37/150 | query: content creator ===
--- search @nastyaflorest ---
--- search @phoenix_instt ---

=== 37/150 | query: micro influencer ===
--- search @ossypova ---

=== 37/150 | query: fitness influencer ===

=== 37/150 | query: health creator ===

=== 37/150 | query: student vlog ===

=== 37/150 | query: college vlog ===

=== 37/150 | query: productivity vlog ===

=== 37/150 | query: home workout ===
--- search @home_workout_reel ---
--- search @homeworkoutvideos_ ---
--- search @homeworkout_videos_ ---
--- search @homeworkoutsvideos ---
--- search @homeworkout.mks ---
--- post @goodiesforgiggles ---
SKIP @goodiesforgiggles: under 5k followers

=== 37/150 | query: day in my life vlog ===

=== 37/150 | query: day in my life vlog ===
