Query "fitness coach": +0 users, pool=0
Query "personal trainer": +0 users, pool=0
Query "gym motivation": +5 users, pool=5
Query "calisthenics": +5 users, pool=10
Query "bodybuilding": +1 users, pool=11
Query "crossfit athlete": +0 users, pool=11
Query "running coach": +1 users, pool=12
Query "sports nutrition": +0 users, pool=12
Query "protein recipes": +5 users, pool=17
Query "weightlifting": +1 users, pool=18
Query "powerlifting": +5 users, pool=23
Query "hyrox": +5 users, pool=28
Query "marathon training": +0 users, pool=28
Query "triathlon": +5 users, pool=33
Query "cycling fitness": +0 users, pool=33
Query "yoga fitness": +0 users, pool=33
Query "pilates instructor": +0 users, pool=33
Query "boxing training": +0 users, pool=33
Query "mma fighter": +0 users, pool=33
Query "soccer fitness": +1 users, pool=34
Query "basketball training": +2 users, pool=36
Query "swim coach": +2 users, pool=38
Query "track athlete": +0 users, pool=38
Query "strongman": +5 users, pool=43
Query "functional fitness": +0 users, pool=43
Query "home workout": +5 users, pool=48
Query "meal prep fitness": +0 users, pool=48
Query "supplement review": +0 users, pool=48
Query "fitness influencer": +0 users, pool=48
Query "gym lifestyle": +0 users, pool=48
Query "athlete mindset": +0 users, pool=48
Query "sports performance": +0 users, pool=48
Query "endurance training": +0 users, pool=48
Query "strength coach": +0 users, pool=48
Query "fitness model": +0 users, pool=48
Query "gym tips": +1 users, pool=49
Query "workout routine": +0 users, pool=49
Query "muscle building": +2 users, pool=51
Query "fat loss coach": +0 users, pool=51
Query "online coach fitness": +2 users, pool=53
Hashtag pool added, total candidates=53
Processing 53 candidates, target 100, already sent 1
