2026-06-10T21:03:55.171Z | @justinpf951 | 12/150 | solo fitness creator, 56,100 followers, reel views 6735/6735/6735, avg ~6,735
2026-06-10T21:05:28.608Z | @summers.coach | 13/150 | solo fitness creator, 23,000 followers, reel views 61268/61269/61269, avg ~61,269
2026-06-11T05:20:46.190Z | @realbodynessah | 14/150 | solo fitness creator, 9,155 followers, reel views 52493/52493/52493, avg ~52,493
2026-06-11T20:39:31.396Z | @gymvlogs2 | 15/150 | solo creator, 36,800 followers, reel views 10335/10335/10335, avg ~10,335
2026-06-11T20:41:01.917Z | @rooskfitness | 16/150 | solo creator, 33,200 followers, reel views 12843/12843/12843, avg ~12,843
2026-06-11T20:42:09.550Z | @valerieribon | 17/150 | solo creator, 56,300 followers, reel views 26509/26509/26509, avg ~26,509
2026-06-12T03:22:07.678Z | @mia.so.swag | 18/150 | vlogger/creator fit for Protein Quest, 29,400 followers, reel views 38715/38715/38715, avg ~38,715
2026-06-12T03:23:32.856Z | @dailyvlogs_dhiyashri | 19/150 | vlogger/creator fit for Protein Quest, 46,600 followers, reel views 16611/16614/16616, avg ~16,614
2026-06-12T03:26:15.654Z | @todaysagoodaytofit | 20/150 | vlogger/creator fit for Protein Quest, 8,728 followers, reel views 79327/79327/79327, avg ~79,327
2026-06-12T03:28:12.203Z | @tiffany_henriques | 21/150 | vlogger/creator fit for Protein Quest, 97,000 followers, reel views 21089/21089/21089, avg ~21,089
2026-06-12T03:33:38.437Z | @isabaiochi | 22/150 | vlogger/creator fit for Protein Quest, 71,000 followers, reel views 23142/23142/23142, avg ~23,142
2026-06-12T03:37:59.232Z | @nat.b0yd | 23/150 | vlogger/creator fit for Protein Quest, 6,793 followers, reel views 5119/5119/5119, avg ~5,119
2026-06-12T03:38:25.920Z | @alyssadchang | 24/150 | vlogger/creator fit for Protein Quest, 28,600 followers, reel views 5413/5413/5413, avg ~5,413
2026-06-12T03:42:55.028Z | @byvivins | 25/150 | vlogger/creator fit for Protein Quest, 32,000 followers, reel views 57912, avg ~57,912
2026-06-12T03:44:20.056Z | @sherbloomy | 26/150 | vlogger/creator fit for Protein Quest, 50,300 followers, reel views 18829/18829/18829, avg ~18,829
2026-06-12T03:45:49.119Z | @charlenehao | 27/150 | vlogger/creator fit for Protein Quest, 44,800 followers, reel views 95236/95236/95236, avg ~95,236
2026-06-12T03:47:30.997Z | @homeworkoutsvideos | 28/150 | vlogger/creator fit for Protein Quest, 61,700 followers, reel views 2229/2229/8201, avg ~4,220
2026-06-12T03:53:00.975Z | @alina.hepp | 29/150 | vlogger/creator fit for Protein Quest, 72,200 followers, reel views 14718/14718/14718, avg ~14,718
2026-06-12T03:53:52.162Z | @itscrystaltan | 30/150 | vlogger/creator fit for Protein Quest, 89,200 followers, reel views 6696/6696/6696, avg ~6,696
2026-06-12T03:55:00.238Z | @noelleekate | 31/150 | vlogger/creator fit for Protein Quest, 79,400 followers, reel views 28524/28524/28524, avg ~28,524
2026-06-12T03:55:26.897Z | @luellamayfitness | 32/150 | vlogger/creator fit for Protein Quest, 67,800 followers, reel views 12716/12716/12716, avg ~12,716
2026-06-12T03:58:35.062Z | @_chrisasante | 33/150 | vlogger/creator fit for Protein Quest, 90,000 followers, reel views 13511/13511/13511, avg ~13,511
2026-06-12T04:01:00.728Z | @_annahlane | 34/150 | vlogger/creator fit for Protein Quest, 26,700 followers, reel views 11403/11403/11403, avg ~11,403
2026-06-12T04:11:45.675Z | @livysiwickafit | 35/150 | vlogger/creator fit for Protein Quest, 11,500 followers, reel views 55414/55414/55414, avg ~55,414
2026-06-12T04:20:30.594Z | @usmaanunplugged | 36/150 | vlogger/creator fit for Protein Quest, 8,521 followers, reel views 16098/16098/16098, avg ~16,098
2026-06-12T04:23:13.541Z | @celfstudies | 37/150 | vlogger/creator fit for Protein Quest, 66,100 followers, reel views 46145/46145/46145, avg ~46,145
