
========== OVERNIGHT ROUND 1 | 11 sent | 2026-06-10T20:39:32.833Z ==========

search "personal trainer": 0 results
search "calisthenics athlete": 0 results

========== OVERNIGHT ROUND 1 | 11 sent | 2026-06-10T20:39:54.451Z ==========

search "personal trainer": 0 results
search "calisthenics athlete": 0 results
search "meal prep creator": 5 results
search "gym influencer": 0 results

=== WATCHDOG START 2026-06-10T20:40:57Z ===

========== OVERNIGHT ROUND 1 | 11 sent | 2026-06-10T20:40:57.101Z ==========

search "personal trainer": 0 results
search "calisthenics athlete": 0 results
search "meal prep creator": 5 results
search "gym influencer": 0 results
search "nutrition coach": 3 results

=== WATCHDOG START 2026-06-10T20:43:38Z ===

========== OVERNIGHT ROUND 1 | 11 sent | 2026-06-10T20:43:38.612Z ==========

search "personal trainer": 0 results
search "calisthenics athlete": 0 results

=== WATCHDOG START 11/150 2026-06-10T20:46:01Z ===
GOAL: 150 DMs to qualifying solo creators | currently 11

========== ROUND 1 | 11/150 sent | 2026-06-10T20:46:02.127Z ==========

search "personal trainer": 0 results
search "calisthenics athlete": 0 results
GOAL: 150 DMs to qualifying solo creators | currently 11

========== ROUND 1 | 11/150 sent | 2026-06-10T20:48:18.571Z ==========

search "personal trainer": 0 results
search "calisthenics athlete": 0 results
search "meal prep creator": 5 results
search "gym influencer": 0 results
search "nutrition coach": 3 results
search "fitness creator": 3 results
search "macro coach": 0 results
search "protein recipes": 5 results

=== WATCHDOG START 11/150 2026-06-10T20:48:37Z ===
GOAL: 150 DMs to qualifying solo creators | currently 11

========== ROUND 1 | 11/150 sent | 2026-06-10T20:48:37.523Z ==========

search "personal trainer": 0 results
search "calisthenics athlete": 0 results
search "meal prep creator": 5 results

=== WATCHDOG START 11/150 2026-06-10T20:49:38Z ===
GOAL: 150 DMs to qualifying solo creators | currently 11

========== ROUND 1 | 11/150 sent | 2026-06-10T20:49:38.258Z ==========

search "personal trainer": 0 results
search "calisthenics athlete": 0 results
=== START 11/150 2026-06-10T20:53:41Z ===
GOAL: 150 DMs to qualifying solo creators | currently 11

========== ROUND 1 | 11/150 sent | 2026-06-10T20:53:42.025Z ==========

=== START 11/150 2026-06-10T20:55:34Z ===
GOAL: 150 DMs to qualifying solo creators | currently 11

========== ROUND 1 | 11/150 sent | 2026-06-10T20:55:34.902Z ==========

search "personal trainer": 0 results
