Resume: 6/100 sent, 94 remaining
Tabs: 3 — https://www.instagram.com/ | https://www.instagram.com/explore/ | https://www.instagram.com/explore/
Search discovery error: This operation was aborted
Queue: 0 new candidates
SESSION SENT: []
DONE { sent: 6, skipped: 16, failed: 2 }
Resume: 6/100 sent, 94 remaining
Tabs: 7 — https://www.instagram.com/ | https://www.instagram.com/explore/ | https://www.instagram.com/explore/ | https://www.instagram.com/p/DX_rMCojWoh/ | https://www.instagram.com/ | https://www.instagram.com/explore/ | https://www.instagram.com/explore/
Discovery page fitness%20influencer: 4 links
Discovery page personal%20trainer: 4 links
Discovery page nutrition%20coach: 4 links
Discovery page meal%20prep%20creator: 4 links
Discovery page running%20influencer: 4 links
Discovery page calisthenics%20athlete: 4 links
Discovery page gym%20content%20creator: 4 links
Discovery page protein%20recipes: 4 links
Discovery page yoga%20instructor: 4 links
Discovery page strength%20coach: 4 links
Discovery page macro%20coach: 0 links
Discovery page bodybuilding%20coach: 4 links
Discovery page home%20workout: 4 links
Discovery page fitness%20mom: 0 links
Discovery page gym%20girl: 4 links
Discovery page sports%20nutrition: 0 links
Discovery page workout%20tips: 4 links
Discovery page https://www.instagram.com/explore/: 4 links
Discovery page https://www.instagram.com/reels/: 0 links
Discovery page %23fitness: 0 links
Discovery page %23mealprep: 0 links
Discovery page %23calisthenics: 0 links
Extracting usernames from 57 posts/reels...
Resume: 6/100 sent, 94 remaining
Tabs: 10 — https://www.instagram.com/ | https://www.instagram.com/explore/ | https://www.instagram.com/explore/ | https://www.instagram.com/p/DX_rMCojWoh/ | https://www.instagram.com/ | https://www.instagram.com/explore/ | https://www.instagram.com/p/DK42ZWSAvYf/ | https://www.instagram.com/p/DWUPzM9gA2k/ | https://www.instagram.com/p/DXJyx6_EbKx/ | https://www.instagram.com/explore/
Discovery page fitness%20influencer: 20 links
Discovery page personal%20trainer: 9 links
Discovery page nutrition%20coach: 17 links
Discovery page meal%20prep%20creator: 20 links
Discovery page running%20influencer: 20 links
Discovery page calisthenics%20athlete: 20 links
Discovery page gym%20content%20creator: 20 links
Discovery page protein%20recipes: 11 links
Discovery page yoga%20instructor: 20 links
Discovery page strength%20coach: 20 links
Discovery page macro%20coach: 20 links
Discovery page error: This operation was aborted
Queue: 19 new candidates
