Resume: 6/100 sent, 94 remaining
Tabs: 4 — https://www.instagram.com/p/DYvL5yjSUeN/ | https://www.instagram.com/p/DYoGKcfPw2-/ | https://www.instagram.com/explore/ | https://www.instagram.com/explore/
Discovery page fitness%20influencer: 0 links
Discovery page personal%20trainer: 0 links
Discovery page nutrition%20coach: 0 links
Discovery page meal%20prep%20creator: 0 links
Discovery page running%20influencer: 0 links
Discovery page calisthenics%20athlete: 20 links
Discovery page gym%20content%20creator: 20 links
Discovery page protein%20recipes: 8 links
Discovery page yoga%20instructor: 20 links
Discovery page strength%20coach: 11 links
Discovery page macro%20coach: 20 links
Discovery page bodybuilding%20coach: 20 links
Discovery page home%20workout: 20 links
Discovery page fitness%20mom: 0 links
Discovery page gym%20girl: 9 links
Discovery page error: This operation was aborted
Discovery page error: This operation was aborted
Discovery page error: This operation was aborted
