search "personal trainer": 0 results
search "calisthenics athlete": 0 results
search "meal prep creator": 5 results
search "gym influencer": 0 results
search "nutrition coach": 3 results
search "fitness creator": 3 results
search "macro coach": 0 results
search "protein recipes": 5 results
search "home workout coach": 5 results
search "strength coach": 0 results
search "yoga instructor": 0 results
search "running coach": 1 results
search "bodybuilding coach": 0 results
search "online fitness coach": 1 results
search "hyrox athlete": 0 results
page %23fitness: +0 profiles
page %23gymtok: +0 profiles
page %23mealprep: +0 profiles
page %23protein: +0 profiles
page %23calisthenics: +0 profiles
page %23personaltrainer: +0 profiles
page %23fitnessreels: +0 profiles
page personal%20trainer: +0 profiles
page calisthenics%20athlete: +0 profiles
page meal%20prep%20creator: +0 profiles
page gym%20influencer: +0 profiles
page nutrition%20coach: +0 profiles
page fitness%20creator: +0 profiles
page macro%20coach: +0 profiles
page protein%20recipes: +0 profiles
page https://www.instagram.com/explore/: +0 profiles
page https://www.instagram.com/reels/: +0 profiles

=== 76 candidates ===
@myxdcreations (search:meal prep creator)
@imma_jeetee (search:meal prep creator)
@goodfood.goodmood.mp (search:meal prep creator)
@thatmealprepguy (search:meal prep creator)
@upnorthnosh (search:meal prep creator)
@nksfeed (search:fitness creator)
@ak_gym_lover01 (search:fitness creator)
@jeeya.flex (search:fitness creator)
@kirstyfletcher (search:protein recipes)
@scottbaptie (search:protein recipes)
@protein.hacks (search:protein recipes)
@brookfitness_ (search:home workout coach)
@elisespicer_coach (search:home workout coach)
@home_workout_coach (search:home workout coach)
@femmefit.by_yana (search:home workout coach)
@gymbugmaddi (search:home workout coach)
@coach_eli_fitness (search:online fitness coach)
@jdoodyfitness (reel:/p/DX6KS7DoWOs/)
@ethan_linnow (reel:/p/DYe62IXzDRQ/)
@amansio.gym (reel:/p/DSxx0prjMTZ/)
@kian.rlly (reel:/p/DXnvJ-PxIJs/)
@recipes.to.cook (reel:/p/DQty61SkQ2q/)
@drhazelwallace (reel:/p/DXCL-DoiGCr/)
@bentrickeyyy (reel:/p/DYtqv4jPXTf/)
@thoshanwije (reel:/p/DXF-G5lDY3e/)
@tracesoats (reel:/p/DW6_4iukXbC/)
@sean_nalewanyj (reel:/p/DYM9FNxROdB/)
@bobbyparrish (reel:/p/DE5unPVPk0m/)
@jayrajgill (reel:/p/DYh6uBZucKD/)
@oliwyer_sw (reel:/p/DTvL2lLCg6V/)
@teo_tdz (reel:/p/DRPQ7obAulP/)
@alexandrosthenics (reel:/p/DWysK09DVDx/)
@dailong_ns (reel:/p/DEAHkkvopSn/)
@lifewithzak_ (reel:/p/DYPsGfgsX1r/)
@coachedby.mp (reel:/p/DZLlO3wo9SW/)
@temu_thor (reel:/p/DLvsbWGAcqK/)
@nicolasmussy (reel:/p/DP9H1IyCFKK/)
@shaniawagfitness (reel:/p/DZS0FvRK9ga/)
@yourfitnesschick (reel:/p/DTDlg6sAMJW/)
@ninja_yari (reel:/p/DY2Yz3pqk9u/)
