search "personal trainer": 0 results
search "calisthenics athlete": 0 results
search "meal prep creator": 5 results
search "gym influencer": 0 results
search "nutrition coach": 3 results
search "fitness creator": 3 results
search "macro coach": 0 results
search "protein recipes": 5 results
search "home workout coach": 5 results
search "strength coach": 0 results
search "yoga instructor": 0 results
search "running coach": 1 results
search "bodybuilding coach": 0 results
search "online fitness coach": 1 results
search "hyrox athlete": 0 results
page %23fitness: +0 profiles
page %23gymtok: +0 profiles
page %23mealprep: +0 profiles
page %23protein: +0 profiles
page %23calisthenics: +0 profiles
page %23personaltrainer: +0 profiles
page %23fitnessreels: +0 profiles
page personal%20trainer: +0 profiles
page calisthenics%20athlete: +0 profiles
page meal%20prep%20creator: +0 profiles
page gym%20influencer: +0 profiles
page nutrition%20coach: +0 profiles
page fitness%20creator: +0 profiles
page macro%20coach: +0 profiles
page protein%20recipes: +0 profiles
page https://www.instagram.com/explore/: +0 profiles
page https://www.instagram.com/reels/: +0 profiles

Vetting up to 20 of 45 candidates...


--- @goodfood.goodmood.mp (search:meal prep creator) ---
SKIP @goodfood.goodmood.mp: under 5k followers

--- @upnorthnosh (search:meal prep creator) ---
SKIP @upnorthnosh: under 5k followers

--- @femmefit.by_yana (search:home workout coach) ---
SKIP @femmefit.by_yana: under 5k followers

--- @coach_eli_fitness (search:online fitness coach) ---
SKIP @coach_eli_fitness: private/no DM

--- @eatpreptmeals (reel:/p/DWZPOIeDvLs/) ---
SKIP @eatpreptmeals: under 5k followers

--- @joshlathamfit (reel:/p/DWzSTT6iZWA/) ---
SKIP @joshlathamfit: not fitness/nutrition content

--- @che.cr (reel:/p/DUgwv4cCWIw/) ---
SKIP @che.cr: under 5k followers

--- @trainwithmauro (reel:/p/DX_rMCojWoh/) ---
SKIP @trainwithmauro: under 5k followers

--- @dpersy (reel:/p/DUOMEhBiHxZ/) ---
SKIP @dpersy: not fitness/nutrition content

--- @coach_smittyy (reel:/p/DGTPnkEx68Y/) ---
SKIP @coach_smittyy: under 5k followers

--- @erdincfitness (reel:/p/DVLd6yGDC0b/) ---
SKIP @erdincfitness: private/no DM

--- @royalpersonaltraining (reel:/p/DVeHYE_Cc4k/) ---
SKIP @royalpersonaltraining: over 100k followers

--- @shownoutfitness (reel:/p/DWKnfiDkcrS/) ---
SKIP @shownoutfitness: reel views out of range (409, 409, 409)

--- @landwarriorcore (reel:/p/DTM1zZQjKCH/) ---
SKIP @landwarriorcore: under 5k followers

--- @jahon_workout (reel:/p/DVz-gSYCGoA/) ---
SKIP @jahon_workout: not fitness/nutrition content

--- @eith_sw (reel:/p/DXgkeO6oA2q/) ---
✓ SENT @eith_sw — 9/100 | solo fitness creator, 9,351 followers, reel views 68251/68251/68251, avg ~68,251

--- @stachaczoliwier (reel:/p/DXmlAQSiKne/) ---
✓ SENT @stachaczoliwier — 10/100 | solo fitness creator, 15,900 followers, reel views 45827/45827/45827, avg ~45,827

--- @how2mealprep (reel:/p/DT02C1yEUff/) ---
SKIP @how2mealprep: over 100k followers

--- @itsjackearly (reel:/p/DY3Au1cpWYb/) ---
SKIP @itsjackearly: over 100k followers

--- @bergenlifts (reel:/p/DWz_f1NCbz_/) ---
✓ SENT @bergenlifts — 11/100 | solo fitness creator, 10,700 followers, reel views 34759/34760/34760, avg ~34,760

Session done: 3 new DMs, total 11/100
search "personal trainer": 0 results
search "calisthenics athlete": 0 results
search "meal prep creator": 5 results
search "gym influencer": 0 results
search "nutrition coach": 3 results
search "fitness creator": 3 results
search "macro coach": 0 results
search "protein recipes": 5 results
search "home workout coach": 5 results
search "strength coach": 0 results
search "yoga instructor": 0 results
search "running coach": 1 results
search "bodybuilding coach": 0 results
search "online fitness coach": 1 results
search "hyrox athlete": 0 results
page %23fitness: +0 profiles
page %23gymtok: +0 profiles
page %23mealprep: +0 profiles
page %23protein: +0 profiles
page %23calisthenics: +0 profiles
page %23personaltrainer: +0 profiles
page %23fitnessreels: +0 profiles
page personal%20trainer: +0 profiles
